2025-09-20 13:26:53,272 - INFO - 🚀 Starting complete MyJPJ FAQ scraping...
2025-09-20 13:26:53,273 - INFO - Testing connectivity to MyJPJ FAQ website...
2025-09-20 13:27:05,525 - INFO - Response status: 200
2025-09-20 13:27:05,525 - INFO - Response size: 289,137 bytes
2025-09-20 13:27:05,526 - INFO - Response time: 10.46 seconds
2025-09-20 13:27:05,531 - INFO - ✅ Connection successful - FAQ page detected
2025-09-20 13:27:05,533 - INFO - 🔗 Fetching page content (attempt 1/3)
2025-09-20 13:27:05,999 - INFO - ✅ Content parsed successfully with lxml
2025-09-20 13:27:05,999 - INFO - 🔄 Extracting main description...
2025-09-20 13:27:06,007 - INFO - ✅ Extracted main MyJPJ description
2025-09-20 13:27:06,008 - INFO - 🔄 Extracting services list...
2025-09-20 13:27:06,097 - INFO - ✅ Extracted 10 services
2025-09-20 13:27:06,098 - INFO - 🔄 Extracting password help...
2025-09-20 13:27:06,198 - INFO - ✅ Extracted password/account help information
2025-09-20 13:27:06,199 - INFO - 🔄 Extracting fee information...
2025-09-20 13:27:06,206 - INFO - ✅ Extracted fee information from table 5
2025-09-20 13:27:06,207 - INFO - ✅ Extracted fee information from table 6
2025-09-20 13:27:06,208 - INFO - 🔄 Extracting general help...
2025-09-20 13:27:06,291 - INFO - ✅ Extracted general help information
2025-09-20 13:27:06,292 - INFO - 🔄 Adding common questions...
2025-09-20 13:27:06,292 - INFO - ✅ Added 4 common questions
2025-09-20 13:27:06,293 - INFO - ✅ Scraping completed! Extracted 11 unique Q&A pairs
2025-09-20 13:27:06,315 - INFO - 💾 Results saved to: myjpj_complete_faq.json
2025-09-20 13:27:06,333 - INFO - 💾 Backup saved to: myjpj_faq_backup_20250920_132706.json
